// Jest Snapshot v1, https://goo.gl/fbAQLP

exports[`Renders <Button/> properly with defaultProps 1`] = `
<button
  class="ButtonIcon-sc-12bqy74-0 gYECiD"
/>
`;
