// Jest Snapshot v1, https://goo.gl/fbAQLP

exports[`<SubTitle/> renders properly with passed props 1`] = `
<p
  class="Subtitle__SubTitle-sc-15506py-0 OlUuu"
>
  Hello World
</p>
`;
