// Jest Snapshot v1, https://goo.gl/fbAQLP

exports[`Renders <Button/> properly with defaultProps 1`] = `
<button
  class="StyledButtonIcon__Wrapper-vk02hy-0 jJlrpO"
/>
`;
